17:07:44.417 > ets Jul 29 2019 12:21:46
17:07:44.417 > 
17:07:44.417 > rst:0x1 (POWERON_RESET),boot:0x13 (SPI_FAST_FLASH_BOOT)
17:07:44.422 > configsip: 0, SPIWP:0xee
17:07:44.425 > clk_drv:0x00,q_drv:0x00,d_drv:0x00,cs0_drv:0x00,hd_drv:0x00,wp_drv:0x00
17:07:44.431 > mode:DIO, clock div:2
17:07:44.434 > load:0x3fff0030,len:1184
17:07:44.436 > load:0x40078000,len:13232
17:07:44.439 > load:0x40080400,len:3028
17:07:44.439 > entry 0x400805e4
17:07:44.901 > [启动] 上次复位原因=1 (上电复位)
17:07:45.574 > [   727][E][esp32-hal-cpu.c:110] addApbChangeCallback(): duplicate func=0x400ebcbc arg=0x3ffbdc30
17:07:45.586 > LittleFS 初始化成功
17:07:45.586 > [SD] SPI 引脚: SCK=18 MISO=19 MOSI=23 CS=32
17:07:45.653 > [   807][E][sd_diskio.cpp:806] sdcard_mount(): f_mount failed: (1) A hard error occurred in the low level disk I/O layer
17:07:45.662 > [   819][W][sd_diskio.cpp:180] sdCommand(): crc error
17:07:45.769 > [SD] 20 MHz 挂载失败，自动降速重试
17:07:45.839 > [SD] 挂载成功：速率=10 MHz 类型=SDHC/SDXC 容量=7580 MB
17:07:45.858 > 写入成功
17:07:45.865 > 追加成功
17:07:45.875 > 扫描到 1 张图片
17:07:50.402 > [WiFi] 稳定性优化已启用: setSleep(false)/autoReconnect/TX=11dBm
17:07:55.395 > [语音] I2S 初始化: 成功
17:07:55.395 > Web 服务器已启动，访问 http://192.168.1.137
17:07:55.401 > 服务器已启动
